[36mvite v7.3.0 [32mbuilding client environment for production...[36m[39m
transforming...
[32mΓ£ô[39m 745 modules transformed.
rendering chunks...
computing gzip size...
[2mdist/[22m[32mindex.html                       [39m[1m[2m    0.75 kB[22m[1m[22m[2m Γöé gzip:   0.40 kB[22m
[2mdist/[22m[32massets/casham logo-D-3jh9fZ.png  [39m[1m[2m1,227.79 kB[22m[1m[22m
[2mdist/[22m[35massets/index-0QN4CrdV.css        [39m[1m[2m   53.13 kB[22m[1m[22m[2m Γöé gzip:   8.63 kB[22m
[2mdist/[22m[36massets/index-11Hiq5Ad.js         [39m[1m[33m1,228.45 kB[39m[22m[2m Γöé gzip: 356.24 kB[22m
[32mΓ£ô built in 7.36s[39m
